title
"Number of Active Sessions: by User"
parameters

start,end
2018-04-18,2018-04-30
---------
Year,"[Warbler, Yellow-rumped] Number of Active Sessions","[Warbler, Blackburnian] Number of Active Sessions","[Warbler, Yellow] Number of Active Sessions"
2018,36,11,6
---------
